// Bun Snapshot v1, https://bun.sh/docs/test/snapshots

exports[`four absolutely-positioned children snap to the parent corners 1`] = `
"BBBBB░░░░░░░░░░CCCCC
BBBBB░░░░░░░░░░CCCCC
░░░░░░░░░░░░░░░░░░░░
░░░░░░░░░░░░░░░░░░░░
░░░░░░░░░░░░░░░░░░░░
░░░░░░░░░░░░░░░░░░░░
░░░░░░░░░░░░░░░░░░░░
░░░░░░░░░░░░░░░░░░░░
DDDDD░░░░░░░░░░EEEEE
DDDDD░░░░░░░░░░EEEEE"
`;
