// Bun Snapshot v1, https://bun.sh/docs/test/snapshots

exports[`flex-grow child absorbs remaining vertical space between fixed siblings 1`] = `
"BBBBBBBBBBBBBBBBBBBB
CCCCCCCCCCCCCCCCCCCC
CCCCCCCCCCCCCCCCCCCC
CCCCCCCCCCCCCCCCCCCC
CCCCCCCCCCCCCCCCCCCC
CCCCCCCCCCCCCCCCCCCC
CCCCCCCCCCCCCCCCCCCC
CCCCCCCCCCCCCCCCCCCC
CCCCCCCCCCCCCCCCCCCC
DDDDDDDDDDDDDDDDDDDD"
`;
